Copyright 1986-2022 Xilinx, Inc. All Rights Reserved. Copyright 2022-2026 Advanced Micro Devices, Inc. All Rights Reserved.
---------------------------------------------------------------------------------------------------------------------------------------------
| Tool Version : Vivado v.2026.1 (win64) Build 6511674 Tue Jun 16 11:02:23 MDT 2026
| Date         : Thu Sep 24 13:54:30 2026
| Host         : AdiLap running 64-bit major release  (build 9200)
| Command      : report_timing_summary -file fpga/reports/period_8ns/post_synth_timing.rpt
| Design       : gpu_top
| Device       : 7z020-clg400
| Speed File   : -1  PRODUCTION 1.12 2019-11-22
| Design State : Synthesized
---------------------------------------------------------------------------------------------------------------------------------------------

Timing Summary Report

------------------------------------------------------------------------------------------------
| Timer Settings
| --------------
------------------------------------------------------------------------------------------------

  Enable Multi Corner Analysis               :  Yes
  Enable Pessimism Removal                   :  Yes
  Pessimism Removal Resolution               :  Nearest Common Node
  Enable Input Delay Default Clock           :  No
  Enable Preset / Clear Arcs                 :  No
  Disable Flight Delays                      :  No
  Ignore I/O Paths                           :  No
  Timing Early Launch at Borrowing Latches   :  No
  Borrow Time for Max Delay Exceptions       :  Yes
  Merge Timing Exceptions                    :  Yes
  Inter-SLR Compensation                     :  Conservative

  Corner  Analyze    Analyze    
  Name    Max Paths  Min Paths  
  ------  ---------  ---------  
  Slow    Yes        Yes        
  Fast    Yes        Yes        


------------------------------------------------------------------------------------------------
| Report Methodology
| ------------------
------------------------------------------------------------------------------------------------

No report available as report_methodology has not been run prior. Run report_methodology on the current design for the summary of methodology violations.



check_timing report

Table of Contents
-----------------
1. checking no_clock (0)
2. checking constant_clock (0)
3. checking pulse_width_clock (0)
4. checking unconstrained_internal_endpoints (0)
5. checking no_input_delay (109)
6. checking no_output_delay (93)
7. checking multiple_clock (0)
8. checking generated_clocks (0)
9. checking loops (0)
10. checking partial_input_delay (0)
11. checking partial_output_delay (0)
12. checking latch_loops (0)

1. checking no_clock (0)
------------------------
 There are 0 register/latch pins with no clock.


2. checking constant_clock (0)
------------------------------
 There are 0 register/latch pins with constant_clock.


3. checking pulse_width_clock (0)
---------------------------------
 There are 0 register/latch pins which need pulse_width check


4. checking unconstrained_internal_endpoints (0)
------------------------------------------------
 There are 0 pins that are not constrained for maximum delay.

 There are 0 pins that are not constrained for maximum delay due to constant clock.


5. checking no_input_delay (109)
--------------------------------
 There are 109 input ports with no input delay specified. (HIGH)

 There are 0 input ports with no input delay but user has a false path constraint.


6. checking no_output_delay (93)
--------------------------------
 There are 93 ports with no output delay specified. (HIGH)

 There are 0 ports with no output delay but user has a false path constraint

 There are 0 ports with no output delay but with a timing clock defined on it or propagating through it


7. checking multiple_clock (0)
------------------------------
 There are 0 register/latch pins with multiple clocks.


8. checking generated_clocks (0)
--------------------------------
 There are 0 generated clocks that are not connected to a clock source.


9. checking loops (0)
---------------------
 There are 0 combinational loops in the design.


10. checking partial_input_delay (0)
------------------------------------
 There are 0 input ports with partial input delay specified.


11. checking partial_output_delay (0)
-------------------------------------
 There are 0 ports with partial output delay specified.


12. checking latch_loops (0)
----------------------------
 There are 0 combinational latch loops in the design through latch input



------------------------------------------------------------------------------------------------
| Design Timing Summary
| ---------------------
------------------------------------------------------------------------------------------------

    WNS(ns)      TNS(ns)  TNS Failing Endpoints  TNS Total Endpoints      WHS(ns)      THS(ns)  THS Failing Endpoints  THS Total Endpoints     WPWS(ns)     TPWS(ns)  TPWS Failing Endpoints  TPWS Total Endpoints  
    -------      -------  ---------------------  -------------------      -------      -------  ---------------------  -------------------     --------     --------  ----------------------  --------------------  
     -3.025     -391.959                    202                23497        0.204        0.000                      0                23497        2.750        0.000                       0                  9800  


Timing constraints are not met.


------------------------------------------------------------------------------------------------
| Clock Summary
| -------------
------------------------------------------------------------------------------------------------

Clock  Waveform(ns)         Period(ns)      Frequency(MHz)
-----  ------------         ----------      --------------
clk    {0.000 4.000}        8.000           125.000         


------------------------------------------------------------------------------------------------
| Intra Clock Table
| -----------------
------------------------------------------------------------------------------------------------

Clock             WNS(ns)      TNS(ns)  TNS Failing Endpoints  TNS Total Endpoints      WHS(ns)      THS(ns)  THS Failing Endpoints  THS Total Endpoints     WPWS(ns)     TPWS(ns)  TPWS Failing Endpoints  TPWS Total Endpoints  
-----             -------      -------  ---------------------  -------------------      -------      -------  ---------------------  -------------------     --------     --------  ----------------------  --------------------  
clk                -3.025     -391.959                    202                23497        0.204        0.000                      0                23497        2.750        0.000                       0                  9800  


------------------------------------------------------------------------------------------------
| Inter Clock Table
| -----------------
------------------------------------------------------------------------------------------------

From Clock    To Clock          WNS(ns)      TNS(ns)  TNS Failing Endpoints  TNS Total Endpoints      WHS(ns)      THS(ns)  THS Failing Endpoints  THS Total Endpoints  
----------    --------          -------      -------  ---------------------  -------------------      -------      -------  ---------------------  -------------------  


------------------------------------------------------------------------------------------------
| Other Path Groups Table
| -----------------------
------------------------------------------------------------------------------------------------

Path Group    From Clock    To Clock          WNS(ns)      TNS(ns)  TNS Failing Endpoints  TNS Total Endpoints      WHS(ns)      THS(ns)  THS Failing Endpoints  THS Total Endpoints  
----------    ----------    --------          -------      -------  ---------------------  -------------------      -------      -------  ---------------------  -------------------  


------------------------------------------------------------------------------------------------
| Timing Details
| --------------
------------------------------------------------------------------------------------------------


---------------------------------------------------------------------------------------------------
From Clock:  clk
  To Clock:  clk

Setup :          202  Failing Endpoints,  Worst Slack       -3.025ns,  Total Violation     -391.959ns
Hold  :            0  Failing Endpoints,  Worst Slack        0.204ns,  Total Violation        0.000ns
PW    :            0  Failing Endpoints,  Worst Slack        2.750ns,  Total Violation        0.000ns
---------------------------------------------------------------------------------------------------


Max Delay Paths
--------------------------------------------------------------------------------------
Slack (VIOLATED) :        -3.025ns  (required time - arrival time)
  Source:                 u_fetch/req_left_reg[5]/C
                            (rising edge-triggered cell FDCE clocked by clk  {rise@0.000ns fall@4.000ns period=8.000ns})
  Destination:            u_fetch/req_left_reg[29]/D
                            (rising edge-triggered cell FDCE clocked by clk  {rise@0.000ns fall@4.000ns period=8.000ns})
  Path Group:             clk
  Path Type:              Setup (Max at Slow Process Corner)
  Requirement:            8.000ns  (clk rise@8.000ns - clk rise@0.000ns)
  Data Path Delay:        10.924ns  (logic 4.417ns (40.434%)  route 6.507ns (59.566%))
  Logic Levels:           19  (CARRY4=10 LUT3=2 LUT4=1 LUT5=2 LUT6=4)
  Clock Path Skew:        -0.049ns (DCD - SCD + CPR)
    Destination Clock Delay (DCD):    0.924ns = ( 8.924 - 8.000 ) 
    Source Clock Delay      (SCD):    0.973ns
    Clock Pessimism Removal (CPR):    0.000ns
  Clock Uncertainty:      0.035ns  ((TSJ^2 + TIJ^2)^1/2 + DJ) / 2 + PE
    Total System Jitter     (TSJ):    0.071ns
    Total Input Jitter      (TIJ):    0.000ns
    Discrete Jitter          (DJ):    0.000ns
    Phase Error              (PE):    0.000ns

    Location             Delay type                Incr(ns)  Path(ns)    Netlist Resource(s)
  -------------------------------------------------------------------    -------------------
                         (clock clk rise edge)        0.000     0.000 r  <hidden>
                                                      0.000     0.000 r  clk
                         net (fo=9803, unset)         0.973     0.973    u_fetch/clk
                         FDCE                                         r  u_fetch/req_left_reg[5]/C
  -------------------------------------------------------------------    -------------------
                         FDCE (Prop_fdce_C_Q)         0.362     1.335 f  u_fetch/req_left_reg[5]/Q
                         net (fo=2, unplaced)         0.752     2.087    u_fetch/req_left_reg_n_0_[5]
                         LUT4 (Prop_lut4_I1_O)        0.295     2.382 f  u_fetch/m_axi_arlen[2]_i_8/O
                         net (fo=2, unplaced)         0.460     2.842    u_fetch/m_axi_arlen[2]_i_8_n_0
                         LUT5 (Prop_lut5_I4_O)        0.124     2.966 f  u_fetch/m_axi_arlen[2]_i_4/O
                         net (fo=5, unplaced)         0.930     3.896    u_fetch/m_axi_arlen[2]_i_4_n_0
                         LUT3 (Prop_lut3_I0_O)        0.124     4.020 r  u_fetch/m_axi_arlen[3]_i_2/O
                         net (fo=9, unplaced)         0.490     4.510    u_fetch/m_axi_arlen[3]_i_2_n_0
                         LUT5 (Prop_lut5_I1_O)        0.116     4.626 r  u_fetch/m_axi_arlen[3]_i_7/O
                         net (fo=1, unplaced)         0.000     4.626    u_fetch/m_axi_arlen[3]_i_7_n_0
                         CARRY4 (Prop_carry4_DI[0]_CO[3])
                                                      0.576     5.202 r  u_fetch/m_axi_arlen_reg[3]_i_4/CO[3]
                         net (fo=1, unplaced)         0.009     5.211    u_fetch/m_axi_arlen_reg[3]_i_4_n_0
                         CARRY4 (Prop_carry4_CI_CO[0])
                                                      0.281     5.492 r  u_fetch/m_axi_arlen_reg[3]_i_3/CO[0]
                         net (fo=8, unplaced)         0.349     5.841    u_fetch/m_axi_arlen_reg[3]_i_3_n_3
                         LUT6 (Prop_lut6_I1_O)        0.367     6.208 f  u_fetch/inflight[1]_i_2/O
                         net (fo=10, unplaced)        0.492     6.700    u_fetch/inflight[1]_i_2_n_0
                         LUT3 (Prop_lut3_I1_O)        0.124     6.824 f  u_fetch/m_axi_araddr[31]_i_8/O
                         net (fo=3, unplaced)         0.920     7.744    u_fetch/m_axi_araddr[31]_i_8_n_0
                         LUT6 (Prop_lut6_I1_O)        0.124     7.868 r  u_fetch/m_axi_araddr[31]_i_4/O
                         net (fo=1, unplaced)         0.902     8.770    u_fetch/m_axi_araddr[31]_i_4_n_0
                         LUT6 (Prop_lut6_I3_O)        0.124     8.894 r  u_fetch/m_axi_araddr[31]_i_2/O
                         net (fo=45, unplaced)        0.529     9.423    u_fetch/m_axi_araddr[31]_i_2_n_0
                         LUT6 (Prop_lut6_I0_O)        0.124     9.547 r  u_fetch/req_left[3]_i_9/O
                         net (fo=1, unplaced)         0.665    10.212    u_fetch/req_left[3]_i_9_n_0
                         CARRY4 (Prop_carry4_S[0]_CO[3])
                                                      0.637    10.849 r  u_fetch/req_left_reg[3]_i_1/CO[3]
                         net (fo=1, unplaced)         0.009    10.858    u_fetch/req_left_reg[3]_i_1_n_0
                         CARRY4 (Prop_carry4_CI_CO[3])
                                                      0.117    10.975 r  u_fetch/req_left_reg[7]_i_1/CO[3]
                         net (fo=1, unplaced)         0.000    10.975    u_fetch/req_left_reg[7]_i_1_n_0
                         CARRY4 (Prop_carry4_CI_CO[3])
                                                      0.117    11.092 r  u_fetch/req_left_reg[11]_i_1/CO[3]
                         net (fo=1, unplaced)         0.000    11.092    u_fetch/req_left_reg[11]_i_1_n_0
                         CARRY4 (Prop_carry4_CI_CO[3])
                                                      0.117    11.209 r  u_fetch/req_left_reg[15]_i_1/CO[3]
                         net (fo=1, unplaced)         0.000    11.209    u_fetch/req_left_reg[15]_i_1_n_0
                         CARRY4 (Prop_carry4_CI_CO[3])
                                                      0.117    11.326 r  u_fetch/req_left_reg[19]_i_1/CO[3]
                         net (fo=1, unplaced)         0.000    11.326    u_fetch/req_left_reg[19]_i_1_n_0
                         CARRY4 (Prop_carry4_CI_CO[3])
                                                      0.117    11.443 r  u_fetch/req_left_reg[23]_i_1/CO[3]
                         net (fo=1, unplaced)         0.000    11.443    u_fetch/req_left_reg[23]_i_1_n_0
                         CARRY4 (Prop_carry4_CI_CO[3])
                                                      0.117    11.560 r  u_fetch/req_left_reg[27]_i_1/CO[3]
                         net (fo=1, unplaced)         0.000    11.560    u_fetch/req_left_reg[27]_i_1_n_0
                         CARRY4 (Prop_carry4_CI_O[1])
                                                      0.337    11.897 r  u_fetch/req_left_reg[31]_i_2/O[1]
                         net (fo=1, unplaced)         0.000    11.897    u_fetch/req_left_reg[31]_i_2_n_6
                         FDCE                                         r  u_fetch/req_left_reg[29]/D
  -------------------------------------------------------------------    -------------------

                         (clock clk rise edge)        8.000     8.000 r  <hidden>
                                                      0.000     8.000 r  clk
                         net (fo=9803, unset)         0.924     8.924    u_fetch/clk
                         FDCE                                         r  u_fetch/req_left_reg[29]/C
                         clock pessimism              0.000     8.924    <hidden>
                         clock uncertainty           -0.035     8.889    <hidden>
                         FDCE (Setup_fdce_C_D)       -0.017     8.872    u_fetch/req_left_reg[29]
  -------------------------------------------------------------------
                         required time                          8.872    <hidden>
                         arrival time                         -11.897    <hidden>
  -------------------------------------------------------------------
                         slack                                 -3.025    <hidden>





Min Delay Paths
--------------------------------------------------------------------------------------
Slack (MET) :             0.204ns  (arrival time - required time)
  Source:                 u_persp/u_recip/pay_reg[30][96]_srl32/CLK
                            (rising edge-triggered cell SRLC32E clocked by clk  {rise@0.000ns fall@4.000ns period=8.000ns})
  Destination:            u_persp/v1_meta_reg[0]_srl4/D
                            (rising edge-triggered cell SRLC32E clocked by clk  {rise@0.000ns fall@4.000ns period=8.000ns})
  Path Group:             clk
  Path Type:              Hold (Min at Fast Process Corner)
  Requirement:            0.000ns  (clk rise@0.000ns - clk rise@0.000ns)
  Data Path Delay:        0.286ns  (logic 0.286ns (100.000%)  route 0.000ns (0.000%))
  Logic Levels:           0  
  Clock Path Skew:        0.022ns (DCD - SCD - CPR)
    Destination Clock Delay (DCD):    0.432ns
    Source Clock Delay      (SCD):    0.410ns
    Clock Pessimism Removal (CPR):    -0.000ns

    Location             Delay type                Incr(ns)  Path(ns)    Netlist Resource(s)
  -------------------------------------------------------------------    -------------------
                         (clock clk rise edge)        0.000     0.000 r  <hidden>
                                                      0.000     0.000 r  clk
                         net (fo=9803, unset)         0.410     0.410    u_persp/u_recip/clk
                         SRLC32E                                      r  u_persp/u_recip/pay_reg[30][96]_srl32/CLK
  -------------------------------------------------------------------    -------------------
                         SRLC32E (Prop_srlc32e_CLK_Q31)
                                                      0.286     0.696 r  u_persp/u_recip/pay_reg[30][96]_srl32/Q31
                         net (fo=1, unplaced)         0.000     0.696    u_persp/u_recip_n_152
                         SRLC32E                                      r  u_persp/v1_meta_reg[0]_srl4/D
  -------------------------------------------------------------------    -------------------

                         (clock clk rise edge)        0.000     0.000 r  <hidden>
                                                      0.000     0.000 r  clk
                         net (fo=9803, unset)         0.432     0.432    u_persp/clk
                         SRLC32E                                      r  u_persp/v1_meta_reg[0]_srl4/CLK
                         clock pessimism              0.000     0.432    <hidden>
                         SRLC32E (Hold_srlc32e_CLK_D)
                                                      0.060     0.492    u_persp/v1_meta_reg[0]_srl4
  -------------------------------------------------------------------
                         required time                         -0.492    <hidden>
                         arrival time                           0.696    <hidden>
  -------------------------------------------------------------------
                         slack                                  0.204    <hidden>





Pulse Width Checks
--------------------------------------------------------------------------------------
Clock Name:         clk
Waveform(ns):       { 0.000 4.000 }
Period(ns):         8.000
Sources:            { clk }

Check Type        Corner  Lib Pin      Reference Pin  Required(ns)  Actual(ns)  Slack(ns)  Location  Pin
Min Period        n/a     DSP48E1/CLK  n/a            3.884         8.000       4.116                u_geom/p1_reg[0]/CLK
Low Pulse Width   Slow    RAMD32/CLK   n/a            1.250         4.000       2.750                u_fetch/len_q_reg_0_3_0_2/RAMA/CLK
High Pulse Width  Slow    RAMD32/CLK   n/a            1.250         4.000       2.750                u_fetch/len_q_reg_0_3_0_2/RAMA/CLK



