Copyright 1986-2022 Xilinx, Inc. All Rights Reserved. Copyright 2022-2026 Advanced Micro Devices, Inc. All Rights Reserved.
---------------------------------------------------------------------------------------------------------------------------------------------
| Tool Version : Vivado v.2026.1 (win64) Build 6511674 Tue Jun 16 11:02:23 MDT 2026
| Date         : Thu Sep 24 13:17:14 2026
| Host         : AdiLap running 64-bit major release  (build 9200)
| Command      : report_timing_summary -file fpga/reports/test_10ns/post_synth_timing.rpt
| Design       : gpu_top
| Device       : 7z020-clg400
| Speed File   : -1  PRODUCTION 1.12 2019-11-22
| Design State : Synthesized
---------------------------------------------------------------------------------------------------------------------------------------------

Timing Summary Report

------------------------------------------------------------------------------------------------
| Timer Settings
| --------------
------------------------------------------------------------------------------------------------

  Enable Multi Corner Analysis               :  Yes
  Enable Pessimism Removal                   :  Yes
  Pessimism Removal Resolution               :  Nearest Common Node
  Enable Input Delay Default Clock           :  No
  Enable Preset / Clear Arcs                 :  No
  Disable Flight Delays                      :  No
  Ignore I/O Paths                           :  No
  Timing Early Launch at Borrowing Latches   :  No
  Borrow Time for Max Delay Exceptions       :  Yes
  Merge Timing Exceptions                    :  Yes
  Inter-SLR Compensation                     :  Conservative

  Corner  Analyze    Analyze    
  Name    Max Paths  Min Paths  
  ------  ---------  ---------  
  Slow    Yes        Yes        
  Fast    Yes        Yes        


------------------------------------------------------------------------------------------------
| Report Methodology
| ------------------
------------------------------------------------------------------------------------------------

No report available as report_methodology has not been run prior. Run report_methodology on the current design for the summary of methodology violations.



check_timing report

Table of Contents
-----------------
1. checking no_clock (0)
2. checking constant_clock (0)
3. checking pulse_width_clock (0)
4. checking unconstrained_internal_endpoints (0)
5. checking no_input_delay (109)
6. checking no_output_delay (93)
7. checking multiple_clock (0)
8. checking generated_clocks (0)
9. checking loops (0)
10. checking partial_input_delay (0)
11. checking partial_output_delay (0)
12. checking latch_loops (0)

1. checking no_clock (0)
------------------------
 There are 0 register/latch pins with no clock.


2. checking constant_clock (0)
------------------------------
 There are 0 register/latch pins with constant_clock.


3. checking pulse_width_clock (0)
---------------------------------
 There are 0 register/latch pins which need pulse_width check


4. checking unconstrained_internal_endpoints (0)
------------------------------------------------
 There are 0 pins that are not constrained for maximum delay.

 There are 0 pins that are not constrained for maximum delay due to constant clock.


5. checking no_input_delay (109)
--------------------------------
 There are 109 input ports with no input delay specified. (HIGH)

 There are 0 input ports with no input delay but user has a false path constraint.


6. checking no_output_delay (93)
--------------------------------
 There are 93 ports with no output delay specified. (HIGH)

 There are 0 ports with no output delay but user has a false path constraint

 There are 0 ports with no output delay but with a timing clock defined on it or propagating through it


7. checking multiple_clock (0)
------------------------------
 There are 0 register/latch pins with multiple clocks.


8. checking generated_clocks (0)
--------------------------------
 There are 0 generated clocks that are not connected to a clock source.


9. checking loops (0)
---------------------
 There are 0 combinational loops in the design.


10. checking partial_input_delay (0)
------------------------------------
 There are 0 input ports with partial input delay specified.


11. checking partial_output_delay (0)
-------------------------------------
 There are 0 ports with partial output delay specified.


12. checking latch_loops (0)
----------------------------
 There are 0 combinational latch loops in the design through latch input



------------------------------------------------------------------------------------------------
| Design Timing Summary
| ---------------------
------------------------------------------------------------------------------------------------

    WNS(ns)      TNS(ns)  TNS Failing Endpoints  TNS Total Endpoints      WHS(ns)      THS(ns)  THS Failing Endpoints  THS Total Endpoints     WPWS(ns)     TPWS(ns)  TPWS Failing Endpoints  TPWS Total Endpoints  
    -------      -------  ---------------------  -------------------      -------      -------  ---------------------  -------------------     --------     --------  ----------------------  --------------------  
     -2.798     -130.971                    186                23295        0.204        0.000                      0                23295        3.750        0.000                       0                  9699  


Timing constraints are not met.


------------------------------------------------------------------------------------------------
| Clock Summary
| -------------
------------------------------------------------------------------------------------------------

Clock  Waveform(ns)       Period(ns)      Frequency(MHz)
-----  ------------       ----------      --------------
clk    {0.000 5.000}      10.000          100.000         


------------------------------------------------------------------------------------------------
| Intra Clock Table
| -----------------
------------------------------------------------------------------------------------------------

Clock             WNS(ns)      TNS(ns)  TNS Failing Endpoints  TNS Total Endpoints      WHS(ns)      THS(ns)  THS Failing Endpoints  THS Total Endpoints     WPWS(ns)     TPWS(ns)  TPWS Failing Endpoints  TPWS Total Endpoints  
-----             -------      -------  ---------------------  -------------------      -------      -------  ---------------------  -------------------     --------     --------  ----------------------  --------------------  
clk                -2.798     -130.971                    186                23295        0.204        0.000                      0                23295        3.750        0.000                       0                  9699  


------------------------------------------------------------------------------------------------
| Inter Clock Table
| -----------------
------------------------------------------------------------------------------------------------

From Clock    To Clock          WNS(ns)      TNS(ns)  TNS Failing Endpoints  TNS Total Endpoints      WHS(ns)      THS(ns)  THS Failing Endpoints  THS Total Endpoints  
----------    --------          -------      -------  ---------------------  -------------------      -------      -------  ---------------------  -------------------  


------------------------------------------------------------------------------------------------
| Other Path Groups Table
| -----------------------
------------------------------------------------------------------------------------------------

Path Group    From Clock    To Clock          WNS(ns)      TNS(ns)  TNS Failing Endpoints  TNS Total Endpoints      WHS(ns)      THS(ns)  THS Failing Endpoints  THS Total Endpoints  
----------    ----------    --------          -------      -------  ---------------------  -------------------      -------      -------  ---------------------  -------------------  


------------------------------------------------------------------------------------------------
| Timing Details
| --------------
------------------------------------------------------------------------------------------------


---------------------------------------------------------------------------------------------------
From Clock:  clk
  To Clock:  clk

Setup :          186  Failing Endpoints,  Worst Slack       -2.798ns,  Total Violation     -130.971ns
Hold  :            0  Failing Endpoints,  Worst Slack        0.204ns,  Total Violation        0.000ns
PW    :            0  Failing Endpoints,  Worst Slack        3.750ns,  Total Violation        0.000ns
---------------------------------------------------------------------------------------------------


Max Delay Paths
--------------------------------------------------------------------------------------
Slack (VIOLATED) :        -2.798ns  (required time - arrival time)
  Source:                 u_persp/pz2_reg[46]/C
                            (rising edge-triggered cell FDRE clocked by clk  {rise@0.000ns fall@5.000ns period=10.000ns})
  Destination:            u_persp/out_z_reg[0]/D
                            (rising edge-triggered cell FDRE clocked by clk  {rise@0.000ns fall@5.000ns period=10.000ns})
  Path Group:             clk
  Path Type:              Setup (Max at Slow Process Corner)
  Requirement:            10.000ns  (clk rise@10.000ns - clk rise@0.000ns)
  Data Path Delay:        12.665ns  (logic 6.319ns (49.893%)  route 6.346ns (50.107%))
  Logic Levels:           21  (CARRY4=14 LUT2=3 LUT3=2 LUT5=1 LUT6=1)
  Clock Path Skew:        -0.049ns (DCD - SCD + CPR)
    Destination Clock Delay (DCD):    0.924ns = ( 10.924 - 10.000 ) 
    Source Clock Delay      (SCD):    0.973ns
    Clock Pessimism Removal (CPR):    0.000ns
  Clock Uncertainty:      0.035ns  ((TSJ^2 + TIJ^2)^1/2 + DJ) / 2 + PE
    Total System Jitter     (TSJ):    0.071ns
    Total Input Jitter      (TIJ):    0.000ns
    Discrete Jitter          (DJ):    0.000ns
    Phase Error              (PE):    0.000ns

    Location             Delay type                Incr(ns)  Path(ns)    Netlist Resource(s)
  -------------------------------------------------------------------    -------------------
                         (clock clk rise edge)        0.000     0.000 r  <hidden>
                                                      0.000     0.000 r  clk
                         net (fo=9702, unset)         0.973     0.973    u_persp/clk
                         FDRE                                         r  u_persp/pz2_reg[46]/C
  -------------------------------------------------------------------    -------------------
                         FDRE (Prop_fdre_C_Q)         0.362     1.335 r  u_persp/pz2_reg[46]/Q
                         net (fo=1, unplaced)         0.983     2.318    u_persp/nz[22]
                         CARRY4 (Prop_carry4_S[3]_CO[3])
                                                      0.671     2.989 r  u_persp/out_z_reg[15]_i_54/CO[3]
                         net (fo=1, unplaced)         0.009     2.998    u_persp/out_z_reg[15]_i_54_n_0
                         CARRY4 (Prop_carry4_CI_CO[3])
                                                      0.117     3.115 r  u_persp/out_z_reg[15]_i_102/CO[3]
                         net (fo=1, unplaced)         0.000     3.115    u_persp/out_z_reg[15]_i_102_n_0
                         CARRY4 (Prop_carry4_CI_O[3])
                                                      0.331     3.446 r  u_persp/out_z_reg[15]_i_120/O[3]
                         net (fo=16, unplaced)        0.672     4.118    u_persp/depth_full1[30]
                         LUT2 (Prop_lut2_I1_O)        0.307     4.425 r  u_persp/out_z[15]_i_230/O
                         net (fo=1, unplaced)         0.000     4.425    u_persp/out_z[15]_i_230_n_0
                         CARRY4 (Prop_carry4_S[2]_CO[3])
                                                      0.380     4.805 r  u_persp/out_z_reg[15]_i_178/CO[3]
                         net (fo=1, unplaced)         0.000     4.805    u_persp/out_z_reg[15]_i_178_n_0
                         CARRY4 (Prop_carry4_CI_O[2])
                                                      0.256     5.061 r  u_persp/out_z_reg[15]_i_184/O[2]
                         net (fo=3, unplaced)         0.923     5.984    u_persp/out_z_reg[15]_i_184_n_5
                         LUT3 (Prop_lut3_I0_O)        0.301     6.285 r  u_persp/out_z[15]_i_287/O
                         net (fo=1, unplaced)         0.639     6.924    u_persp/out_z[15]_i_287_n_0
                         CARRY4 (Prop_carry4_DI[1]_CO[3])
                                                      0.520     7.444 r  u_persp/out_z_reg[15]_i_205/CO[3]
                         net (fo=1, unplaced)         0.000     7.444    u_persp/out_z_reg[15]_i_205_n_0
                         CARRY4 (Prop_carry4_CI_CO[3])
                                                      0.117     7.561 r  u_persp/out_z_reg[15]_i_154/CO[3]
                         net (fo=1, unplaced)         0.000     7.561    u_persp/out_z_reg[15]_i_154_n_0
                         CARRY4 (Prop_carry4_CI_O[3])
                                                      0.331     7.892 r  u_persp/out_z_reg[15]_i_80/O[3]
                         net (fo=3, unplaced)         0.636     8.528    u_persp/out_z_reg[15]_i_80_n_4
                         LUT3 (Prop_lut3_I1_O)        0.307     8.835 r  u_persp/out_z[15]_i_81/O
                         net (fo=2, unplaced)         0.460     9.295    u_persp/out_z[15]_i_81_n_0
                         LUT5 (Prop_lut5_I1_O)        0.124     9.419 r  u_persp/out_z[15]_i_29/O
                         net (fo=2, unplaced)         0.430     9.849    u_persp/out_z[15]_i_29_n_0
                         LUT6 (Prop_lut6_I0_O)        0.124     9.973 r  u_persp/out_z[15]_i_33/O
                         net (fo=1, unplaced)         0.000     9.973    u_persp/out_z[15]_i_33_n_0
                         CARRY4 (Prop_carry4_S[2]_CO[3])
                                                      0.380    10.353 r  u_persp/out_z_reg[15]_i_6/CO[3]
                         net (fo=1, unplaced)         0.000    10.353    u_persp/out_z_reg[15]_i_6_n_0
                         CARRY4 (Prop_carry4_CI_O[1])
                                                      0.337    10.690 r  u_persp/out_z_reg[15]_i_3/O[1]
                         net (fo=2, unplaced)         0.622    11.312    u_persp/out_z_reg[15]_i_3_n_6
                         LUT2 (Prop_lut2_I0_O)        0.332    11.644 r  u_persp/out_z[15]_i_188/O
                         net (fo=1, unplaced)         0.000    11.644    u_persp/out_z[15]_i_188_n_0
                         CARRY4 (Prop_carry4_DI[1]_CO[3])
                                                      0.547    12.191 r  u_persp/out_z_reg[15]_i_137/CO[3]
                         net (fo=1, unplaced)         0.000    12.191    u_persp/out_z_reg[15]_i_137_n_0
                         CARRY4 (Prop_carry4_CI_CO[3])
                                                      0.117    12.308 r  u_persp/out_z_reg[15]_i_63/CO[3]
                         net (fo=1, unplaced)         0.000    12.308    u_persp/out_z_reg[15]_i_63_n_0
                         CARRY4 (Prop_carry4_CI_CO[3])
                                                      0.117    12.425 r  u_persp/out_z_reg[15]_i_22/CO[3]
                         net (fo=1, unplaced)         0.000    12.425    u_persp/out_z_reg[15]_i_22_n_0
                         CARRY4 (Prop_carry4_CI_CO[3])
                                                      0.117    12.542 r  u_persp/out_z_reg[15]_i_5/CO[3]
                         net (fo=16, unplaced)        0.972    13.514    u_persp/out_z_reg[15]_i_5_n_0
                         LUT2 (Prop_lut2_I1_O)        0.124    13.638 r  u_persp/out_z[0]_i_1/O
                         net (fo=1, unplaced)         0.000    13.638    u_persp/out_z[0]_i_1_n_0
                         FDRE                                         r  u_persp/out_z_reg[0]/D
  -------------------------------------------------------------------    -------------------

                         (clock clk rise edge)       10.000    10.000 r  <hidden>
                                                      0.000    10.000 r  clk
                         net (fo=9702, unset)         0.924    10.924    u_persp/clk
                         FDRE                                         r  u_persp/out_z_reg[0]/C
                         clock pessimism              0.000    10.924    <hidden>
                         clock uncertainty           -0.035    10.889    <hidden>
                         FDRE (Setup_fdre_C_D)       -0.049    10.840    u_persp/out_z_reg[0]
  -------------------------------------------------------------------
                         required time                         10.840    <hidden>
                         arrival time                         -13.638    <hidden>
  -------------------------------------------------------------------
                         slack                                 -2.798    <hidden>





Min Delay Paths
--------------------------------------------------------------------------------------
Slack (MET) :             0.204ns  (arrival time - required time)
  Source:                 u_persp/u_recip/pay_reg[30][96]_srl32/CLK
                            (rising edge-triggered cell SRLC32E clocked by clk  {rise@0.000ns fall@5.000ns period=10.000ns})
  Destination:            u_persp/m2_meta_reg[0]_srl3/D
                            (rising edge-triggered cell SRLC32E clocked by clk  {rise@0.000ns fall@5.000ns period=10.000ns})
  Path Group:             clk
  Path Type:              Hold (Min at Fast Process Corner)
  Requirement:            0.000ns  (clk rise@0.000ns - clk rise@0.000ns)
  Data Path Delay:        0.286ns  (logic 0.286ns (100.000%)  route 0.000ns (0.000%))
  Logic Levels:           0  
  Clock Path Skew:        0.022ns (DCD - SCD - CPR)
    Destination Clock Delay (DCD):    0.432ns
    Source Clock Delay      (SCD):    0.410ns
    Clock Pessimism Removal (CPR):    -0.000ns

    Location             Delay type                Incr(ns)  Path(ns)    Netlist Resource(s)
  -------------------------------------------------------------------    -------------------
                         (clock clk rise edge)        0.000     0.000 r  <hidden>
                                                      0.000     0.000 r  clk
                         net (fo=9702, unset)         0.410     0.410    u_persp/u_recip/clk
                         SRLC32E                                      r  u_persp/u_recip/pay_reg[30][96]_srl32/CLK
  -------------------------------------------------------------------    -------------------
                         SRLC32E (Prop_srlc32e_CLK_Q31)
                                                      0.286     0.696 r  u_persp/u_recip/pay_reg[30][96]_srl32/Q31
                         net (fo=1, unplaced)         0.000     0.696    u_persp/u_recip_n_152
                         SRLC32E                                      r  u_persp/m2_meta_reg[0]_srl3/D
  -------------------------------------------------------------------    -------------------

                         (clock clk rise edge)        0.000     0.000 r  <hidden>
                                                      0.000     0.000 r  clk
                         net (fo=9702, unset)         0.432     0.432    u_persp/clk
                         SRLC32E                                      r  u_persp/m2_meta_reg[0]_srl3/CLK
                         clock pessimism              0.000     0.432    <hidden>
                         SRLC32E (Hold_srlc32e_CLK_D)
                                                      0.060     0.492    u_persp/m2_meta_reg[0]_srl3
  -------------------------------------------------------------------
                         required time                         -0.492    <hidden>
                         arrival time                           0.696    <hidden>
  -------------------------------------------------------------------
                         slack                                  0.204    <hidden>





Pulse Width Checks
--------------------------------------------------------------------------------------
Clock Name:         clk
Waveform(ns):       { 0.000 5.000 }
Period(ns):         10.000
Sources:            { clk }

Check Type        Corner  Lib Pin      Reference Pin  Required(ns)  Actual(ns)  Slack(ns)  Location  Pin
Min Period        n/a     DSP48E1/CLK  n/a            3.884         10.000      6.116                u_geom/p1_reg[0]/CLK
Low Pulse Width   Slow    RAMD32/CLK   n/a            1.250         5.000       3.750                u_fetch/len_q_reg_0_3_0_2/RAMA/CLK
High Pulse Width  Slow    RAMD32/CLK   n/a            1.250         5.000       3.750                u_fetch/len_q_reg_0_3_0_2/RAMA/CLK



